// Jest Snapshot v1, https://goo.gl/fbAQLP

exports[`Typewriter renders correctly with no props 1`] = `
<span
  className="wrapper"
>
  <span
    className="inline-block"
  >
    
  </span>
  <span
    className="cursor isBlinking"
  />
</span>
`;
