// Jest Snapshot v1, https://goo.gl/fbAQLP

exports[`Icon renders correctly 1`] = `
<span
  className="icon"
>
  <svg
    height={100}
    viewBox="0 0 100 100"
    width={100}
  >
    <circle
      cx="50"
      cy="50"
      r="40"
    />
  </svg>
</span>
`;
